[INFO] Scanning for projects...
[INFO] 
[INFO] -------------------< com.gymtrack:gymtrack-backend >--------------------
[INFO] Building gymtrack-backend 0.1.0
[INFO]   from pom.xml
[INFO] --------------------------------[ jar ]---------------------------------
[INFO] 
[INFO] >>> spring-boot:3.3.4:run (default-cli) > test-compile @ gymtrack-backend >>>
[INFO] 
[INFO] --- resources:3.3.1:resources (default-resources) @ gymtrack-backend ---
[INFO] Copying 1 resource from src/main/resources to target/classes
[INFO] Copying 0 resource from src/main/resources to target/classes
[INFO] 
[INFO] --- compiler:3.13.0:compile (default-compile) @ gymtrack-backend ---
[INFO] Nothing to compile - all classes are up to date.
[INFO] 
[INFO] --- resources:3.3.1:testResources (default-testResources) @ gymtrack-backend ---
[INFO] skip non existing resourceDirectory /home/iskander-brahim/Bureau/gymtrack/backend/src/test/resources
[INFO] 
[INFO] --- compiler:3.13.0:testCompile (default-testCompile) @ gymtrack-backend ---
[INFO] No sources to compile
[INFO] 
[INFO] <<< spring-boot:3.3.4:run (default-cli) < test-compile @ gymtrack-backend <<<
[INFO] 
[INFO] 
[INFO] --- spring-boot:3.3.4:run (default-cli) @ gymtrack-backend ---
[INFO] Attaching agents: []

  .   ____          _            __ _ _
 /\\ / ___'_ __ _ _(_)_ __  __ _ \ \ \ \
( ( )\___ | '_ | '_| | '_ \/ _` | \ \ \ \
 \\/  ___)| |_)| | | | | || (_| |  ) ) ) )
  '  |____| .__|_| |_|_| |_\__, | / / / /
 =========|_|==============|___/=/_/_/_/

 :: Spring Boot ::                (v3.3.4)

2026-08-26T18:09:04.051+01:00  INFO 34503 --- [gymtrack] [           main] com.gymtrack.GymTrackApplication         : Starting GymTrackApplication using Java 21.0.11 with PID 34503 (/home/iskander-brahim/Bureau/gymtrack/backend/target/classes started by iskander-brahim in /home/iskander-brahim/Bureau/gymtrack/backend)
2026-08-26T18:09:04.053+01:00  INFO 34503 --- [gymtrack] [           main] com.gymtrack.GymTrackApplication         : No active profile set, falling back to 1 default profile: "default"
2026-08-26T18:09:04.458+01:00  INFO 34503 --- [gymtrack] [           main] .s.d.r.c.RepositoryConfigurationDelegate : Bootstrapping Spring Data MongoDB repositories in DEFAULT mode.
2026-08-26T18:09:04.492+01:00  INFO 34503 --- [gymtrack] [           main] .s.d.r.c.RepositoryConfigurationDelegate : Finished Spring Data repository scanning in 30 ms. Found 1 MongoDB repository interface.
2026-08-26T18:09:04.772+01:00  INFO 34503 --- [gymtrack] [           main] o.s.b.w.embedded.tomcat.TomcatWebServer  : Tomcat initialized with port 8081 (http)
2026-08-26T18:09:04.781+01:00  INFO 34503 --- [gymtrack] [           main] o.apache.catalina.core.StandardService   : Starting service [Tomcat]
2026-08-26T18:09:04.782+01:00  INFO 34503 --- [gymtrack] [           main] o.apache.catalina.core.StandardEngine    : Starting Servlet engine: [Apache Tomcat/10.1.30]
2026-08-26T18:09:04.810+01:00  INFO 34503 --- [gymtrack] [           main] o.a.c.c.C.[Tomcat].[localhost].[/]       : Initializing Spring embedded WebApplicationContext
2026-08-26T18:09:04.811+01:00  INFO 34503 --- [gymtrack] [           main] w.s.c.ServletWebServerApplicationContext : Root WebApplicationContext: initialization completed in 733 ms
2026-08-26T18:09:04.972+01:00  INFO 34503 --- [gymtrack] [           main] org.mongodb.driver.client                : MongoClient with metadata {"application": {"name": "Cluster0"}, "driver": {"name": "mongo-java-driver|sync|spring-boot", "version": "5.0.1"}, "os": {"type": "Linux", "name": "Linux", "architecture": "amd64", "version": "7.0.0-30-generic"}, "platform": "Java/Ubuntu/21.0.11+10-1-26.04.2-Ubuntu"} created with settings MongoClientSettings{readPreference=primary, writeConcern=WriteConcern{w=null, wTimeout=null ms, journal=null}, retryWrites=true, retryReads=true, readConcern=ReadConcern{level=null}, credential=MongoCredential{mechanism=null, userName='iskander', source='admin', password=<hidden>, mechanismProperties=<hidden>}, transportSettings=null, commandListeners=[], codecRegistry=ProvidersCodecRegistry{codecProviders=[ValueCodecProvider{}, BsonValueCodecProvider{}, DBRefCodecProvider{}, DBObjectCodecProvider{}, DocumentCodecProvider{}, CollectionCodecProvider{}, IterableCodecProvider{}, MapCodecProvider{}, GeoJsonCodecProvider{}, GridFSFileCodecProvider{}, Jsr310CodecProvider{}, JsonObjectCodecProvider{}, BsonCodecProvider{}, EnumCodecProvider{}, com.mongodb.client.model.mql.ExpressionCodecProvider@6690b9fa, com.mongodb.Jep395RecordCodecProvider@6c8dbf56, com.mongodb.KotlinCodecProvider@493b01ef]}, loggerSettings=LoggerSettings{maxDocumentLength=1000}, clusterSettings={hosts=[127.0.0.1:27017], srvHost=cluster0.wkuwwi9.mongodb.net, srvServiceName=mongodb, mode=MULTIPLE, requiredClusterType=REPLICA_SET, requiredReplicaSetName='atlas-h0qfw7-shard-0', serverSelector='null', clusterListeners='[]', serverSelectionTimeout='30000 ms', localThreshold='15 ms'}, socketSettings=SocketSettings{connectTimeoutMS=10000, readTimeoutMS=0, receiveBufferSize=0, proxySettings=ProxySettings{host=null, port=null, username=null, password=null}}, heartbeatSocketSettings=SocketSettings{connectTimeoutMS=10000, readTimeoutMS=10000, receiveBufferSize=0, proxySettings=ProxySettings{host=null, port=null, username=null, password=null}}, connectionPoolSettings=ConnectionPoolSettings{maxSize=100, minSize=0, maxWaitTimeMS=120000, maxConnectionLifeTimeMS=0, maxConnectionIdleTimeMS=0, maintenanceInitialDelayMS=0, maintenanceFrequencyMS=60000, connectionPoolListeners=[], maxConnecting=2}, serverSettings=ServerSettings{heartbeatFrequencyMS=10000, minHeartbeatFrequencyMS=500, serverListeners='[]', serverMonitorListeners='[]'}, sslSettings=SslSettings{enabled=true, invalidHostNameAllowed=false, context=null}, applicationName='Cluster0', compressorList=[], uuidRepresentation=JAVA_LEGACY, serverApi=null, autoEncryptionSettings=null, dnsClient=null, inetAddressResolver=null, contextProvider=null}
2026-08-26T18:09:05.034+01:00  INFO 34503 --- [gymtrack] [wi9.mongodb.net] org.mongodb.driver.cluster               : Adding discovered server ac-pvk558l-shard-00-02.wkuwwi9.mongodb.net:27017 to client view of cluster
2026-08-26T18:09:05.051+01:00  INFO 34503 --- [gymtrack] [wi9.mongodb.net] org.mongodb.driver.cluster               : Adding discovered server ac-pvk558l-shard-00-01.wkuwwi9.mongodb.net:27017 to client view of cluster
2026-08-26T18:09:05.053+01:00  INFO 34503 --- [gymtrack] [wi9.mongodb.net] org.mongodb.driver.cluster               : Adding discovered server ac-pvk558l-shard-00-00.wkuwwi9.mongodb.net:27017 to client view of cluster
2026-08-26T18:09:05.140+01:00  INFO 34503 --- [gymtrack] [           main] org.mongodb.driver.cluster               : Waiting for server to become available for operation with ID 1. Remaining time: 30000 ms. Selector: WritableServerSelector, topology description: {type=REPLICA_SET, servers=[{address=ac-pvk558l-shard-00-01.wkuwwi9.mongodb.net:27017, type=UNKNOWN, state=CONNECTING}, {address=ac-pvk558l-shard-00-02.wkuwwi9.mongodb.net:27017, type=UNKNOWN, state=CONNECTING}, {address=ac-pvk558l-shard-00-00.wkuwwi9.mongodb.net:27017, type=UNKNOWN, state=CONNECTING}].
2026-08-26T18:09:05.725+01:00  INFO 34503 --- [gymtrack] [ngodb.net:27017] org.mongodb.driver.cluster               : Monitor thread successfully connected to server with description ServerDescription{address=ac-pvk558l-shard-00-02.wkuwwi9.mongodb.net:27017, type=REPLICA_SET_PRIMARY, state=CONNECTED, ok=true, minWireVersion=0, maxWireVersion=25, maxDocumentSize=16777216, logicalSessionTimeoutMinutes=30, roundTripTimeNanos=287374783, setName='atlas-h0qfw7-shard-0', canonicalAddress=ac-pvk558l-shard-00-02.wkuwwi9.mongodb.net:27017, hosts=[ac-pvk558l-shard-00-00.wkuwwi9.mongodb.net:27017, ac-pvk558l-shard-00-02.wkuwwi9.mongodb.net:27017, ac-pvk558l-shard-00-01.wkuwwi9.mongodb.net:27017], passives=[], arbiters=[], primary='ac-pvk558l-shard-00-02.wkuwwi9.mongodb.net:27017', tagSet=TagSet{[Tag{name='availabilityZone', value='euw3-az3'}, Tag{name='cacheState', value='READY'}, Tag{name='diskState', value='READY'}, Tag{name='nodeType', value='ELECTABLE'}, Tag{name='provider', value='AWS'}, Tag{name='region', value='EU_WEST_3'}, Tag{name='workloadType', value='OPERATIONAL'}]}, electionId=7fffffff0000000000000132, setVersion=73, topologyVersion=TopologyVersion{processId=6a8c4500baa5ba0920e5082e, counter=10}, lastWriteDate=Wed Aug 26 18:09:05 CET 2026, lastUpdateTimeNanos=5733610245051}
2026-08-26T18:09:05.728+01:00  INFO 34503 --- [gymtrack] [ngodb.net:27017] org.mongodb.driver.cluster               : Discovered replica set primary ac-pvk558l-shard-00-02.wkuwwi9.mongodb.net:27017 with max election id 7fffffff0000000000000132 and max set version 73
2026-08-26T18:09:05.799+01:00  INFO 34503 --- [gymtrack] [ngodb.net:27017] org.mongodb.driver.cluster               : Monitor thread successfully connected to server with description ServerDescription{address=ac-pvk558l-shard-00-01.wkuwwi9.mongodb.net:27017, type=REPLICA_SET_SECONDARY, state=CONNECTED, ok=true, minWireVersion=0, maxWireVersion=25, maxDocumentSize=16777216, logicalSessionTimeoutMinutes=30, roundTripTimeNanos=362577710, setName='atlas-h0qfw7-shard-0', canonicalAddress=ac-pvk558l-shard-00-01.wkuwwi9.mongodb.net:27017, hosts=[ac-pvk558l-shard-00-00.wkuwwi9.mongodb.net:27017, ac-pvk558l-shard-00-02.wkuwwi9.mongodb.net:27017, ac-pvk558l-shard-00-01.wkuwwi9.mongodb.net:27017], passives=[], arbiters=[], primary='ac-pvk558l-shard-00-02.wkuwwi9.mongodb.net:27017', tagSet=TagSet{[Tag{name='availabilityZone', value='euw3-az2'}, Tag{name='cacheState', value='READY'}, Tag{name='diskState', value='READY'}, Tag{name='nodeType', value='ELECTABLE'}, Tag{name='provider', value='AWS'}, Tag{name='region', value='EU_WEST_3'}, Tag{name='workloadType', value='OPERATIONAL'}]}, electionId=null, setVersion=73, topologyVersion=TopologyVersion{processId=6a8c4729dd8910d7c4e9048f, counter=5}, lastWriteDate=Wed Aug 26 18:09:05 CET 2026, lastUpdateTimeNanos=5733685283491}
2026-08-26T18:09:05.808+01:00  INFO 34503 --- [gymtrack] [ngodb.net:27017] org.mongodb.driver.cluster               : Monitor thread successfully connected to server with description ServerDescription{address=ac-pvk558l-shard-00-00.wkuwwi9.mongodb.net:27017, type=REPLICA_SET_SECONDARY, state=CONNECTED, ok=true, minWireVersion=0, maxWireVersion=25, maxDocumentSize=16777216, logicalSessionTimeoutMinutes=30, roundTripTimeNanos=372188234, setName='atlas-h0qfw7-shard-0', canonicalAddress=ac-pvk558l-shard-00-00.wkuwwi9.mongodb.net:27017, hosts=[ac-pvk558l-shard-00-00.wkuwwi9.mongodb.net:27017, ac-pvk558l-shard-00-02.wkuwwi9.mongodb.net:27017, ac-pvk558l-shard-00-01.wkuwwi9.mongodb.net:27017], passives=[], arbiters=[], primary='ac-pvk558l-shard-00-02.wkuwwi9.mongodb.net:27017', tagSet=TagSet{[Tag{name='availabilityZone', value='euw3-az1'}, Tag{name='cacheState', value='READY'}, Tag{name='diskState', value='READY'}, Tag{name='nodeType', value='ELECTABLE'}, Tag{name='provider', value='AWS'}, Tag{name='region', value='EU_WEST_3'}, Tag{name='workloadType', value='OPERATIONAL'}]}, electionId=null, setVersion=73, topologyVersion=TopologyVersion{processId=6a8c42920c8c6263aa8529c2, counter=10}, lastWriteDate=Wed Aug 26 18:09:05 CET 2026, lastUpdateTimeNanos=5733694895251}
2026-08-26T18:09:06.343+01:00  INFO 34503 --- [gymtrack] [           main] r$InitializeUserDetailsManagerConfigurer : Global AuthenticationManager configured with UserDetailsService bean with name customUserDetailsService
2026-08-26T18:09:06.566+01:00  INFO 34503 --- [gymtrack] [           main] o.s.b.w.embedded.tomcat.TomcatWebServer  : Tomcat started on port 8081 (http) with context path '/'
2026-08-26T18:09:06.571+01:00  INFO 34503 --- [gymtrack] [           main] com.gymtrack.GymTrackApplication         : Started GymTrackApplication in 2.743 seconds (process running for 2.911)
